============================= test session starts =============================
platform win32 -- Python 3.13.12, pytest-9.0.2, pluggy-1.6.0
rootdir: C:\Users\afiaa\Desktop\projects\Brints\FluentMeet
configfile: pyproject.toml
plugins: anyio-4.12.1, asyncio-1.3.0, cov-7.0.0
asyncio: mode=Mode.STRICT, debug=False, asyncio_default_fixture_loop_scope=None, asyncio_default_test_loop_scope=function
collected 63 items

tests\test_auth\test_auth_login.py FFFF.......F                          [ 19%]
tests\test_auth\test_auth_signup.py .....                                [ 26%]
tests\test_auth\test_email_verification.py .......                       [ 38%]
tests\test_auth\test_schemas_user.py F                                   [ 39%]
tests\test_auth\test_verification_token_crud.py ....                     [ 46%]
tests\test_core\test_sanitize.py ...                                     [ 50%]
tests\test_core\test_security.py .........                               [ 65%]
tests\test_error_handling.py .........                                   [ 79%]
tests\test_kafka\test_consumer.py ....                                   [ 85%]
tests\test_kafka\test_email_consumer.py ..                               [ 88%]
tests\test_kafka\test_email_producer_service.py .                        [ 90%]
tests\test_kafka\test_producer.py ...                                    [ 95%]
tests\test_kafka\test_schemas.py ..                                      [ 98%]
tests\test_main.py .                                                     [100%]

================================== FAILURES ===================================
___________ TestLoginSuccess.test_returns_access_token_and_user_id ____________
tests\test_auth\test_auth_login.py:180: in test_returns_access_token_and_user_id
    response = client.post(
.venv\Lib\site-packages\starlette\testclient.py:553: in post
    return super().post(
.venv\Lib\site-packages\httpx\_client.py:1144: in post
    return self.request(
.venv\Lib\site-packages\starlette\testclient.py:452: in request
    return super().request(
.venv\Lib\site-packages\httpx\_client.py:825: in request
    return self.send(request, auth=auth, follow_redirects=follow_redirects)
           ^^^^^^^^^^^^^^^^^^^^^^^^^^^^^^^^^^^^^^^^^^^^^^^^^^^^^^^^^^^^^^^^
.venv\Lib\site-packages\httpx\_client.py:914: in send
    response = self._send_handling_auth(
.venv\Lib\site-packages\httpx\_client.py:942: in _send_handling_auth
    response = self._send_handling_redirects(
.venv\Lib\site-packages\httpx\_client.py:979: in _send_handling_redirects
    response = self._send_single_request(request)
               ^^^^^^^^^^^^^^^^^^^^^^^^^^^^^^^^^^
.venv\Lib\site-packages\httpx\_client.py:1014: in _send_single_request
    response = transport.handle_request(request)
               ^^^^^^^^^^^^^^^^^^^^^^^^^^^^^^^^^
.venv\Lib\site-packages\starlette\testclient.py:355: in handle_request
    raise exc
.venv\Lib\site-packages\starlette\testclient.py:352: in handle_request
    portal.call(self.app, scope, receive, send)
.venv\Lib\site-packages\anyio\from_thread.py:336: in call
    return cast(T_Retval, self.start_task_soon(func, *args).result())
                          ^^^^^^^^^^^^^^^^^^^^^^^^^^^^^^^^^^^^^^^^^^
C:\Program Files\WindowsApps\PythonSoftwareFoundation.Python.3.13_3.13.3312.0_x64__qbz5n2kfra8p0\Lib\concurrent\futures\_base.py:456: in result
    return self.__get_result()
           ^^^^^^^^^^^^^^^^^^^
C:\Program Files\WindowsApps\PythonSoftwareFoundation.Python.3.13_3.13.3312.0_x64__qbz5n2kfra8p0\Lib\concurrent\futures\_base.py:401: in __get_result
    raise self._exception
.venv\Lib\site-packages\anyio\from_thread.py:261: in _call_func
    retval = await retval_or_awaitable
             ^^^^^^^^^^^^^^^^^^^^^^^^^
.venv\Lib\site-packages\fastapi\applications.py:1160: in __call__
    await super().__call__(scope, receive, send)
.venv\Lib\site-packages\starlette\applications.py:107: in __call__
    await self.middleware_stack(scope, receive, send)
.venv\Lib\site-packages\starlette\middleware\errors.py:186: in __call__
    raise exc
.venv\Lib\site-packages\starlette\middleware\errors.py:164: in __call__
    await self.app(scope, receive, _send)
.venv\Lib\site-packages\starlette\middleware\cors.py:87: in __call__
    await self.app(scope, receive, send)
.venv\Lib\site-packages\starlette\middleware\exceptions.py:63: in __call__
    await wrap_app_handling_exceptions(self.app, conn)(scope, receive, send)
.venv\Lib\site-packages\starlette\_exception_handler.py:53: in wrapped_app
    raise exc
.venv\Lib\site-packages\starlette\_exception_handler.py:42: in wrapped_app
    await app(scope, receive, sender)
.venv\Lib\site-packages\fastapi\middleware\asyncexitstack.py:18: in __call__
    await self.app(scope, receive, send)
.venv\Lib\site-packages\starlette\routing.py:720: in __call__
    await self.middleware_stack(scope, receive, send)
.venv\Lib\site-packages\starlette\routing.py:740: in app
    await route.handle(scope, receive, send)
.venv\Lib\site-packages\starlette\routing.py:294: in handle
    await self.app(scope, receive, send)
.venv\Lib\site-packages\fastapi\routing.py:132: in app
    await wrap_app_handling_exceptions(app, request)(scope, receive, send)
.venv\Lib\site-packages\starlette\_exception_handler.py:53: in wrapped_app
    raise exc
.venv\Lib\site-packages\starlette\_exception_handler.py:42: in wrapped_app
    await app(scope, receive, sender)
.venv\Lib\site-packages\fastapi\routing.py:118: in app
    response = await f(request)
               ^^^^^^^^^^^^^^^^
.venv\Lib\site-packages\fastapi\routing.py:672: in app
    raw_response = await run_endpoint_function(
.venv\Lib\site-packages\fastapi\routing.py:326: in run_endpoint_function
    return await dependant.call(**values)
           ^^^^^^^^^^^^^^^^^^^^^^^^^^^^^^
.venv\Lib\site-packages\slowapi\extension.py:734: in async_wrapper
    response = await func(*args, **kwargs)  # type: ignore
               ^^^^^^^^^^^^^^^^^^^^^^^^^^^
app\api\v1\endpoints\auth.py:376: in login
    response = JSONResponse(content=body.model_dump(), status_code=200)
               ^^^^^^^^^^^^^^^^^^^^^^^^^^^^^^^^^^^^^^^^^^^^^^^^^^^^^^^^
.venv\Lib\site-packages\starlette\responses.py:195: in __init__
    super().__init__(content, status_code, headers, media_type, background)
.venv\Lib\site-packages\starlette\responses.py:52: in __init__
    self.body = self.render(content)
                ^^^^^^^^^^^^^^^^^^^^
.venv\Lib\site-packages\starlette\responses.py:198: in render
    return json.dumps(
C:\Program Files\WindowsApps\PythonSoftwareFoundation.Python.3.13_3.13.3312.0_x64__qbz5n2kfra8p0\Lib\json\__init__.py:242: in dumps
    **kw).encode(obj)
          ^^^^^^^^^^^
C:\Program Files\WindowsApps\PythonSoftwareFoundation.Python.3.13_3.13.3312.0_x64__qbz5n2kfra8p0\Lib\json\encoder.py:202: in encode
    chunks = self.iterencode(o, _one_shot=True)
             ^^^^^^^^^^^^^^^^^^^^^^^^^^^^^^^^^^
C:\Program Files\WindowsApps\PythonSoftwareFoundation.Python.3.13_3.13.3312.0_x64__qbz5n2kfra8p0\Lib\json\encoder.py:263: in iterencode
    return _iterencode(o, 0)
           ^^^^^^^^^^^^^^^^^
C:\Program Files\WindowsApps\PythonSoftwareFoundation.Python.3.13_3.13.3312.0_x64__qbz5n2kfra8p0\Lib\json\encoder.py:182: in default
    raise TypeError(f'Object of type {o.__class__.__name__} '
E   TypeError: Object of type UUID is not JSON serializable
------------------------------ Captured log call ------------------------------
WARNING  passlib.handlers.bcrypt:bcrypt.py:642 (trapped) error reading bcrypt version
Traceback (most recent call last):
  File "C:\Users\afiaa\Desktop\projects\Brints\FluentMeet\.venv\Lib\site-packages\passlib\handlers\bcrypt.py", line 640, in _load_backend_mixin
    version = _bcrypt.__about__.__version__
              ^^^^^^^^^^^^^^^^^
AttributeError: module 'bcrypt' has no attribute '__about__'
WARNING  passlib.handlers.bcrypt:bcrypt.py:642 (trapped) error reading bcrypt version
Traceback (most recent call last):
  File "C:\Users\afiaa\Desktop\projects\Brints\FluentMeet\.venv\Lib\site-packages\passlib\handlers\bcrypt.py", line 640, in _load_backend_mixin
    version = _bcrypt.__about__.__version__
              ^^^^^^^^^^^^^^^^^
AttributeError: module 'bcrypt' has no attribute '__about__'
ERROR    app.core.exception_handlers:exception_handlers.py:66 Unhandled exception occurred: Object of type UUID is not JSON serializable
Traceback (most recent call last):
  File "C:\Users\afiaa\Desktop\projects\Brints\FluentMeet\.venv\Lib\site-packages\starlette\middleware\errors.py", line 164, in __call__
    await self.app(scope, receive, _send)
  File "C:\Users\afiaa\Desktop\projects\Brints\FluentMeet\.venv\Lib\site-packages\starlette\middleware\cors.py", line 87, in __call__
    await self.app(scope, receive, send)
  File "C:\Users\afiaa\Desktop\projects\Brints\FluentMeet\.venv\Lib\site-packages\starlette\middleware\exceptions.py", line 63, in __call__
    await wrap_app_handling_exceptions(self.app, conn)(scope, receive, send)
  File "C:\Users\afiaa\Desktop\projects\Brints\FluentMeet\.venv\Lib\site-packages\starlette\_exception_handler.py", line 53, in wrapped_app
    raise exc
  File "C:\Users\afiaa\Desktop\projects\Brints\FluentMeet\.venv\Lib\site-packages\starlette\_exception_handler.py", line 42, in wrapped_app
    await app(scope, receive, sender)
  File "C:\Users\afiaa\Desktop\projects\Brints\FluentMeet\.venv\Lib\site-packages\fastapi\middleware\asyncexitstack.py", line 18, in __call__
    await self.app(scope, receive, send)
  File "C:\Users\afiaa\Desktop\projects\Brints\FluentMeet\.venv\Lib\site-packages\starlette\routing.py", line 720, in __call__
    await self.middleware_stack(scope, receive, send)
  File "C:\Users\afiaa\Desktop\projects\Brints\FluentMeet\.venv\Lib\site-packages\starlette\routing.py", line 740, in app
    await route.handle(scope, receive, send)
  File "C:\Users\afiaa\Desktop\projects\Brints\FluentMeet\.venv\Lib\site-packages\starlette\routing.py", line 294, in handle
    await self.app(scope, receive, send)
  File "C:\Users\afiaa\Desktop\projects\Brints\FluentMeet\.venv\Lib\site-packages\fastapi\routing.py", line 132, in app
    await wrap_app_handling_exceptions(app, request)(scope, receive, send)
  File "C:\Users\afiaa\Desktop\projects\Brints\FluentMeet\.venv\Lib\site-packages\starlette\_exception_handler.py", line 53, in wrapped_app
    raise exc
  File "C:\Users\afiaa\Desktop\projects\Brints\FluentMeet\.venv\Lib\site-packages\starlette\_exception_handler.py", line 42, in wrapped_app
    await app(scope, receive, sender)
  File "C:\Users\afiaa\Desktop\projects\Brints\FluentMeet\.venv\Lib\site-packages\fastapi\routing.py", line 118, in app
    response = await f(request)
               ^^^^^^^^^^^^^^^^
  File "C:\Users\afiaa\Desktop\projects\Brints\FluentMeet\.venv\Lib\site-packages\fastapi\routing.py", line 672, in app
    raw_response = await run_endpoint_function(
                   ^^^^^^^^^^^^^^^^^^^^^^^^^^^^
    ...<3 lines>...
    )
    ^
  File "C:\Users\afiaa\Desktop\projects\Brints\FluentMeet\.venv\Lib\site-packages\fastapi\routing.py", line 326, in run_endpoint_function
    return await dependant.call(**values)
           ^^^^^^^^^^^^^^^^^^^^^^^^^^^^^^
  File "C:\Users\afiaa\Desktop\projects\Brints\FluentMeet\.venv\Lib\site-packages\slowapi\extension.py", line 734, in async_wrapper
    response = await func(*args, **kwargs)  # type: ignore
               ^^^^^^^^^^^^^^^^^^^^^^^^^^^
  File "C:\Users\afiaa\Desktop\projects\Brints\FluentMeet\app\api\v1\endpoints\auth.py", line 376, in login
    response = JSONResponse(content=body.model_dump(), status_code=200)
  File "C:\Users\afiaa\Desktop\projects\Brints\FluentMeet\.venv\Lib\site-packages\starlette\responses.py", line 195, in __init__
    super().__init__(content, status_code, headers, media_type, background)
    ~~~~~~~~~~~~~~~~^^^^^^^^^^^^^^^^^^^^^^^^^^^^^^^^^^^^^^^^^^^^^^^^^^^^^^^
  File "C:\Users\afiaa\Desktop\projects\Brints\FluentMeet\.venv\Lib\site-packages\starlette\responses.py", line 52, in __init__
    self.body = self.render(content)
                ~~~~~~~~~~~^^^^^^^^^
  File "C:\Users\afiaa\Desktop\projects\Brints\FluentMeet\.venv\Lib\site-packages\starlette\responses.py", line 198, in render
    return json.dumps(
           ~~~~~~~~~~^
        content,
        ^^^^^^^^
    ...<3 lines>...
        separators=(",", ":"),
        ^^^^^^^^^^^^^^^^^^^^^^
    ).encode("utf-8")
    ^
  File "C:\Program Files\WindowsApps\PythonSoftwareFoundation.Python.3.13_3.13.3312.0_x64__qbz5n2kfra8p0\Lib\json\__init__.py", line 242, in dumps
    **kw).encode(obj)
          ~~~~~~^^^^^
  File "C:\Program Files\WindowsApps\PythonSoftwareFoundation.Python.3.13_3.13.3312.0_x64__qbz5n2kfra8p0\Lib\json\encoder.py", line 202, in encode
    chunks = self.iterencode(o, _one_shot=True)
  File "C:\Program Files\WindowsApps\PythonSoftwareFoundation.Python.3.13_3.13.3312.0_x64__qbz5n2kfra8p0\Lib\json\encoder.py", line 263, in iterencode
    return _iterencode(o, 0)
  File "C:\Program Files\WindowsApps\PythonSoftwareFoundation.Python.3.13_3.13.3312.0_x64__qbz5n2kfra8p0\Lib\json\encoder.py", line 182, in default
    raise TypeError(f'Object of type {o.__class__.__name__} '
                    f'is not JSON serializable')
TypeError: Object of type UUID is not JSON serializable
_____________ TestLoginSuccess.test_sets_httponly_refresh_cookie ______________
tests\test_auth\test_auth_login.py:197: in test_sets_httponly_refresh_cookie
    response = client.post(
.venv\Lib\site-packages\starlette\testclient.py:553: in post
    return super().post(
.venv\Lib\site-packages\httpx\_client.py:1144: in post
    return self.request(
.venv\Lib\site-packages\starlette\testclient.py:452: in request
    return super().request(
.venv\Lib\site-packages\httpx\_client.py:825: in request
    return self.send(request, auth=auth, follow_redirects=follow_redirects)
           ^^^^^^^^^^^^^^^^^^^^^^^^^^^^^^^^^^^^^^^^^^^^^^^^^^^^^^^^^^^^^^^^
.venv\Lib\site-packages\httpx\_client.py:914: in send
    response = self._send_handling_auth(
.venv\Lib\site-packages\httpx\_client.py:942: in _send_handling_auth
    response = self._send_handling_redirects(
.venv\Lib\site-packages\httpx\_client.py:979: in _send_handling_redirects
    response = self._send_single_request(request)
               ^^^^^^^^^^^^^^^^^^^^^^^^^^^^^^^^^^
.venv\Lib\site-packages\httpx\_client.py:1014: in _send_single_request
    response = transport.handle_request(request)
               ^^^^^^^^^^^^^^^^^^^^^^^^^^^^^^^^^
.venv\Lib\site-packages\starlette\testclient.py:355: in handle_request
    raise exc
.venv\Lib\site-packages\starlette\testclient.py:352: in handle_request
    portal.call(self.app, scope, receive, send)
.venv\Lib\site-packages\anyio\from_thread.py:336: in call
    return cast(T_Retval, self.start_task_soon(func, *args).result())
                          ^^^^^^^^^^^^^^^^^^^^^^^^^^^^^^^^^^^^^^^^^^
C:\Program Files\WindowsApps\PythonSoftwareFoundation.Python.3.13_3.13.3312.0_x64__qbz5n2kfra8p0\Lib\concurrent\futures\_base.py:456: in result
    return self.__get_result()
           ^^^^^^^^^^^^^^^^^^^
C:\Program Files\WindowsApps\PythonSoftwareFoundation.Python.3.13_3.13.3312.0_x64__qbz5n2kfra8p0\Lib\concurrent\futures\_base.py:401: in __get_result
    raise self._exception
.venv\Lib\site-packages\anyio\from_thread.py:261: in _call_func
    retval = await retval_or_awaitable
             ^^^^^^^^^^^^^^^^^^^^^^^^^
.venv\Lib\site-packages\fastapi\applications.py:1160: in __call__
    await super().__call__(scope, receive, send)
.venv\Lib\site-packages\starlette\applications.py:107: in __call__
    await self.middleware_stack(scope, receive, send)
.venv\Lib\site-packages\starlette\middleware\errors.py:186: in __call__
    raise exc
.venv\Lib\site-packages\starlette\middleware\errors.py:164: in __call__
    await self.app(scope, receive, _send)
.venv\Lib\site-packages\starlette\middleware\cors.py:87: in __call__
    await self.app(scope, receive, send)
.venv\Lib\site-packages\starlette\middleware\exceptions.py:63: in __call__
    await wrap_app_handling_exceptions(self.app, conn)(scope, receive, send)
.venv\Lib\site-packages\starlette\_exception_handler.py:53: in wrapped_app
    raise exc
.venv\Lib\site-packages\starlette\_exception_handler.py:42: in wrapped_app
    await app(scope, receive, sender)
.venv\Lib\site-packages\fastapi\middleware\asyncexitstack.py:18: in __call__
    await self.app(scope, receive, send)
.venv\Lib\site-packages\starlette\routing.py:720: in __call__
    await self.middleware_stack(scope, receive, send)
.venv\Lib\site-packages\starlette\routing.py:740: in app
    await route.handle(scope, receive, send)
.venv\Lib\site-packages\starlette\routing.py:294: in handle
    await self.app(scope, receive, send)
.venv\Lib\site-packages\fastapi\routing.py:132: in app
    await wrap_app_handling_exceptions(app, request)(scope, receive, send)
.venv\Lib\site-packages\starlette\_exception_handler.py:53: in wrapped_app
    raise exc
.venv\Lib\site-packages\starlette\_exception_handler.py:42: in wrapped_app
    await app(scope, receive, sender)
.venv\Lib\site-packages\fastapi\routing.py:118: in app
    response = await f(request)
               ^^^^^^^^^^^^^^^^
.venv\Lib\site-packages\fastapi\routing.py:672: in app
    raw_response = await run_endpoint_function(
.venv\Lib\site-packages\fastapi\routing.py:326: in run_endpoint_function
    return await dependant.call(**values)
           ^^^^^^^^^^^^^^^^^^^^^^^^^^^^^^
.venv\Lib\site-packages\slowapi\extension.py:734: in async_wrapper
    response = await func(*args, **kwargs)  # type: ignore
               ^^^^^^^^^^^^^^^^^^^^^^^^^^^
app\api\v1\endpoints\auth.py:376: in login
    response = JSONResponse(content=body.model_dump(), status_code=200)
               ^^^^^^^^^^^^^^^^^^^^^^^^^^^^^^^^^^^^^^^^^^^^^^^^^^^^^^^^
.venv\Lib\site-packages\starlette\responses.py:195: in __init__
    super().__init__(content, status_code, headers, media_type, background)
.venv\Lib\site-packages\starlette\responses.py:52: in __init__
    self.body = self.render(content)
                ^^^^^^^^^^^^^^^^^^^^
.venv\Lib\site-packages\starlette\responses.py:198: in render
    return json.dumps(
C:\Program Files\WindowsApps\PythonSoftwareFoundation.Python.3.13_3.13.3312.0_x64__qbz5n2kfra8p0\Lib\json\__init__.py:242: in dumps
    **kw).encode(obj)
          ^^^^^^^^^^^
C:\Program Files\WindowsApps\PythonSoftwareFoundation.Python.3.13_3.13.3312.0_x64__qbz5n2kfra8p0\Lib\json\encoder.py:202: in encode
    chunks = self.iterencode(o, _one_shot=True)
             ^^^^^^^^^^^^^^^^^^^^^^^^^^^^^^^^^^
C:\Program Files\WindowsApps\PythonSoftwareFoundation.Python.3.13_3.13.3312.0_x64__qbz5n2kfra8p0\Lib\json\encoder.py:263: in iterencode
    return _iterencode(o, 0)
           ^^^^^^^^^^^^^^^^^
C:\Program Files\WindowsApps\PythonSoftwareFoundation.Python.3.13_3.13.3312.0_x64__qbz5n2kfra8p0\Lib\json\encoder.py:182: in default
    raise TypeError(f'Object of type {o.__class__.__name__} '
E   TypeError: Object of type UUID is not JSON serializable
------------------------------ Captured log call ------------------------------
WARNING  passlib.handlers.bcrypt:bcrypt.py:642 (trapped) error reading bcrypt version
Traceback (most recent call last):
  File "C:\Users\afiaa\Desktop\projects\Brints\FluentMeet\.venv\Lib\site-packages\passlib\handlers\bcrypt.py", line 640, in _load_backend_mixin
    version = _bcrypt.__about__.__version__
              ^^^^^^^^^^^^^^^^^
AttributeError: module 'bcrypt' has no attribute '__about__'
WARNING  passlib.handlers.bcrypt:bcrypt.py:642 (trapped) error reading bcrypt version
Traceback (most recent call last):
  File "C:\Users\afiaa\Desktop\projects\Brints\FluentMeet\.venv\Lib\site-packages\passlib\handlers\bcrypt.py", line 640, in _load_backend_mixin
    version = _bcrypt.__about__.__version__
              ^^^^^^^^^^^^^^^^^
AttributeError: module 'bcrypt' has no attribute '__about__'
ERROR    app.core.exception_handlers:exception_handlers.py:66 Unhandled exception occurred: Object of type UUID is not JSON serializable
Traceback (most recent call last):
  File "C:\Users\afiaa\Desktop\projects\Brints\FluentMeet\.venv\Lib\site-packages\starlette\middleware\errors.py", line 164, in __call__
    await self.app(scope, receive, _send)
  File "C:\Users\afiaa\Desktop\projects\Brints\FluentMeet\.venv\Lib\site-packages\starlette\middleware\cors.py", line 87, in __call__
    await self.app(scope, receive, send)
  File "C:\Users\afiaa\Desktop\projects\Brints\FluentMeet\.venv\Lib\site-packages\starlette\middleware\exceptions.py", line 63, in __call__
    await wrap_app_handling_exceptions(self.app, conn)(scope, receive, send)
  File "C:\Users\afiaa\Desktop\projects\Brints\FluentMeet\.venv\Lib\site-packages\starlette\_exception_handler.py", line 53, in wrapped_app
    raise exc
  File "C:\Users\afiaa\Desktop\projects\Brints\FluentMeet\.venv\Lib\site-packages\starlette\_exception_handler.py", line 42, in wrapped_app
    await app(scope, receive, sender)
  File "C:\Users\afiaa\Desktop\projects\Brints\FluentMeet\.venv\Lib\site-packages\fastapi\middleware\asyncexitstack.py", line 18, in __call__
    await self.app(scope, receive, send)
  File "C:\Users\afiaa\Desktop\projects\Brints\FluentMeet\.venv\Lib\site-packages\starlette\routing.py", line 720, in __call__
    await self.middleware_stack(scope, receive, send)
  File "C:\Users\afiaa\Desktop\projects\Brints\FluentMeet\.venv\Lib\site-packages\starlette\routing.py", line 740, in app
    await route.handle(scope, receive, send)
  File "C:\Users\afiaa\Desktop\projects\Brints\FluentMeet\.venv\Lib\site-packages\starlette\routing.py", line 294, in handle
    await self.app(scope, receive, send)
  File "C:\Users\afiaa\Desktop\projects\Brints\FluentMeet\.venv\Lib\site-packages\fastapi\routing.py", line 132, in app
    await wrap_app_handling_exceptions(app, request)(scope, receive, send)
  File "C:\Users\afiaa\Desktop\projects\Brints\FluentMeet\.venv\Lib\site-packages\starlette\_exception_handler.py", line 53, in wrapped_app
    raise exc
  File "C:\Users\afiaa\Desktop\projects\Brints\FluentMeet\.venv\Lib\site-packages\starlette\_exception_handler.py", line 42, in wrapped_app
    await app(scope, receive, sender)
  File "C:\Users\afiaa\Desktop\projects\Brints\FluentMeet\.venv\Lib\site-packages\fastapi\routing.py", line 118, in app
    response = await f(request)
               ^^^^^^^^^^^^^^^^
  File "C:\Users\afiaa\Desktop\projects\Brints\FluentMeet\.venv\Lib\site-packages\fastapi\routing.py", line 672, in app
    raw_response = await run_endpoint_function(
                   ^^^^^^^^^^^^^^^^^^^^^^^^^^^^
    ...<3 lines>...
    )
    ^
  File "C:\Users\afiaa\Desktop\projects\Brints\FluentMeet\.venv\Lib\site-packages\fastapi\routing.py", line 326, in run_endpoint_function
    return await dependant.call(**values)
           ^^^^^^^^^^^^^^^^^^^^^^^^^^^^^^
  File "C:\Users\afiaa\Desktop\projects\Brints\FluentMeet\.venv\Lib\site-packages\slowapi\extension.py", line 734, in async_wrapper
    response = await func(*args, **kwargs)  # type: ignore
               ^^^^^^^^^^^^^^^^^^^^^^^^^^^
  File "C:\Users\afiaa\Desktop\projects\Brints\FluentMeet\app\api\v1\endpoints\auth.py", line 376, in login
    response = JSONResponse(content=body.model_dump(), status_code=200)
  File "C:\Users\afiaa\Desktop\projects\Brints\FluentMeet\.venv\Lib\site-packages\starlette\responses.py", line 195, in __init__
    super().__init__(content, status_code, headers, media_type, background)
    ~~~~~~~~~~~~~~~~^^^^^^^^^^^^^^^^^^^^^^^^^^^^^^^^^^^^^^^^^^^^^^^^^^^^^^^
  File "C:\Users\afiaa\Desktop\projects\Brints\FluentMeet\.venv\Lib\site-packages\starlette\responses.py", line 52, in __init__
    self.body = self.render(content)
                ~~~~~~~~~~~^^^^^^^^^
  File "C:\Users\afiaa\Desktop\projects\Brints\FluentMeet\.venv\Lib\site-packages\starlette\responses.py", line 198, in render
    return json.dumps(
           ~~~~~~~~~~^
        content,
        ^^^^^^^^
    ...<3 lines>...
        separators=(",", ":"),
        ^^^^^^^^^^^^^^^^^^^^^^
    ).encode("utf-8")
    ^
  File "C:\Program Files\WindowsApps\PythonSoftwareFoundation.Python.3.13_3.13.3312.0_x64__qbz5n2kfra8p0\Lib\json\__init__.py", line 242, in dumps
    **kw).encode(obj)
          ~~~~~~^^^^^
  File "C:\Program Files\WindowsApps\PythonSoftwareFoundation.Python.3.13_3.13.3312.0_x64__qbz5n2kfra8p0\Lib\json\encoder.py", line 202, in encode
    chunks = self.iterencode(o, _one_shot=True)
  File "C:\Program Files\WindowsApps\PythonSoftwareFoundation.Python.3.13_3.13.3312.0_x64__qbz5n2kfra8p0\Lib\json\encoder.py", line 263, in iterencode
    return _iterencode(o, 0)
  File "C:\Program Files\WindowsApps\PythonSoftwareFoundation.Python.3.13_3.13.3312.0_x64__qbz5n2kfra8p0\Lib\json\encoder.py", line 182, in default
    raise TypeError(f'Object of type {o.__class__.__name__} '
                    f'is not JSON serializable')
TypeError: Object of type UUID is not JSON serializable
_______________ TestLoginSuccess.test_refresh_token_not_in_body _______________
tests\test_auth\test_auth_login.py:211: in test_refresh_token_not_in_body
    response = client.post(
.venv\Lib\site-packages\starlette\testclient.py:553: in post
    return super().post(
.venv\Lib\site-packages\httpx\_client.py:1144: in post
    return self.request(
.venv\Lib\site-packages\starlette\testclient.py:452: in request
    return super().request(
.venv\Lib\site-packages\httpx\_client.py:825: in request
    return self.send(request, auth=auth, follow_redirects=follow_redirects)
           ^^^^^^^^^^^^^^^^^^^^^^^^^^^^^^^^^^^^^^^^^^^^^^^^^^^^^^^^^^^^^^^^
.venv\Lib\site-packages\httpx\_client.py:914: in send
    response = self._send_handling_auth(
.venv\Lib\site-packages\httpx\_client.py:942: in _send_handling_auth
    response = self._send_handling_redirects(
.venv\Lib\site-packages\httpx\_client.py:979: in _send_handling_redirects
    response = self._send_single_request(request)
               ^^^^^^^^^^^^^^^^^^^^^^^^^^^^^^^^^^
.venv\Lib\site-packages\httpx\_client.py:1014: in _send_single_request
    response = transport.handle_request(request)
               ^^^^^^^^^^^^^^^^^^^^^^^^^^^^^^^^^
.venv\Lib\site-packages\starlette\testclient.py:355: in handle_request
    raise exc
.venv\Lib\site-packages\starlette\testclient.py:352: in handle_request
    portal.call(self.app, scope, receive, send)
.venv\Lib\site-packages\anyio\from_thread.py:336: in call
    return cast(T_Retval, self.start_task_soon(func, *args).result())
                          ^^^^^^^^^^^^^^^^^^^^^^^^^^^^^^^^^^^^^^^^^^
C:\Program Files\WindowsApps\PythonSoftwareFoundation.Python.3.13_3.13.3312.0_x64__qbz5n2kfra8p0\Lib\concurrent\futures\_base.py:456: in result
    return self.__get_result()
           ^^^^^^^^^^^^^^^^^^^
C:\Program Files\WindowsApps\PythonSoftwareFoundation.Python.3.13_3.13.3312.0_x64__qbz5n2kfra8p0\Lib\concurrent\futures\_base.py:401: in __get_result
    raise self._exception
.venv\Lib\site-packages\anyio\from_thread.py:261: in _call_func
    retval = await retval_or_awaitable
             ^^^^^^^^^^^^^^^^^^^^^^^^^
.venv\Lib\site-packages\fastapi\applications.py:1160: in __call__
    await super().__call__(scope, receive, send)
.venv\Lib\site-packages\starlette\applications.py:107: in __call__
    await self.middleware_stack(scope, receive, send)
.venv\Lib\site-packages\starlette\middleware\errors.py:186: in __call__
    raise exc
.venv\Lib\site-packages\starlette\middleware\errors.py:164: in __call__
    await self.app(scope, receive, _send)
.venv\Lib\site-packages\starlette\middleware\cors.py:87: in __call__
    await self.app(scope, receive, send)
.venv\Lib\site-packages\starlette\middleware\exceptions.py:63: in __call__
    await wrap_app_handling_exceptions(self.app, conn)(scope, receive, send)
.venv\Lib\site-packages\starlette\_exception_handler.py:53: in wrapped_app
    raise exc
.venv\Lib\site-packages\starlette\_exception_handler.py:42: in wrapped_app
    await app(scope, receive, sender)
.venv\Lib\site-packages\fastapi\middleware\asyncexitstack.py:18: in __call__
    await self.app(scope, receive, send)
.venv\Lib\site-packages\starlette\routing.py:720: in __call__
    await self.middleware_stack(scope, receive, send)
.venv\Lib\site-packages\starlette\routing.py:740: in app
    await route.handle(scope, receive, send)
.venv\Lib\site-packages\starlette\routing.py:294: in handle
    await self.app(scope, receive, send)
.venv\Lib\site-packages\fastapi\routing.py:132: in app
    await wrap_app_handling_exceptions(app, request)(scope, receive, send)
.venv\Lib\site-packages\starlette\_exception_handler.py:53: in wrapped_app
    raise exc
.venv\Lib\site-packages\starlette\_exception_handler.py:42: in wrapped_app
    await app(scope, receive, sender)
.venv\Lib\site-packages\fastapi\routing.py:118: in app
    response = await f(request)
               ^^^^^^^^^^^^^^^^
.venv\Lib\site-packages\fastapi\routing.py:672: in app
    raw_response = await run_endpoint_function(
.venv\Lib\site-packages\fastapi\routing.py:326: in run_endpoint_function
    return await dependant.call(**values)
           ^^^^^^^^^^^^^^^^^^^^^^^^^^^^^^
.venv\Lib\site-packages\slowapi\extension.py:734: in async_wrapper
    response = await func(*args, **kwargs)  # type: ignore
               ^^^^^^^^^^^^^^^^^^^^^^^^^^^
app\api\v1\endpoints\auth.py:376: in login
    response = JSONResponse(content=body.model_dump(), status_code=200)
               ^^^^^^^^^^^^^^^^^^^^^^^^^^^^^^^^^^^^^^^^^^^^^^^^^^^^^^^^
.venv\Lib\site-packages\starlette\responses.py:195: in __init__
    super().__init__(content, status_code, headers, media_type, background)
.venv\Lib\site-packages\starlette\responses.py:52: in __init__
    self.body = self.render(content)
                ^^^^^^^^^^^^^^^^^^^^
.venv\Lib\site-packages\starlette\responses.py:198: in render
    return json.dumps(
C:\Program Files\WindowsApps\PythonSoftwareFoundation.Python.3.13_3.13.3312.0_x64__qbz5n2kfra8p0\Lib\json\__init__.py:242: in dumps
    **kw).encode(obj)
          ^^^^^^^^^^^
C:\Program Files\WindowsApps\PythonSoftwareFoundation.Python.3.13_3.13.3312.0_x64__qbz5n2kfra8p0\Lib\json\encoder.py:202: in encode
    chunks = self.iterencode(o, _one_shot=True)
             ^^^^^^^^^^^^^^^^^^^^^^^^^^^^^^^^^^
C:\Program Files\WindowsApps\PythonSoftwareFoundation.Python.3.13_3.13.3312.0_x64__qbz5n2kfra8p0\Lib\json\encoder.py:263: in iterencode
    return _iterencode(o, 0)
           ^^^^^^^^^^^^^^^^^
C:\Program Files\WindowsApps\PythonSoftwareFoundation.Python.3.13_3.13.3312.0_x64__qbz5n2kfra8p0\Lib\json\encoder.py:182: in default
    raise TypeError(f'Object of type {o.__class__.__name__} '
E   TypeError: Object of type UUID is not JSON serializable
------------------------------ Captured log call ------------------------------
WARNING  passlib.handlers.bcrypt:bcrypt.py:642 (trapped) error reading bcrypt version
Traceback (most recent call last):
  File "C:\Users\afiaa\Desktop\projects\Brints\FluentMeet\.venv\Lib\site-packages\passlib\handlers\bcrypt.py", line 640, in _load_backend_mixin
    version = _bcrypt.__about__.__version__
              ^^^^^^^^^^^^^^^^^
AttributeError: module 'bcrypt' has no attribute '__about__'
WARNING  passlib.handlers.bcrypt:bcrypt.py:642 (trapped) error reading bcrypt version
Traceback (most recent call last):
  File "C:\Users\afiaa\Desktop\projects\Brints\FluentMeet\.venv\Lib\site-packages\passlib\handlers\bcrypt.py", line 640, in _load_backend_mixin
    version = _bcrypt.__about__.__version__
              ^^^^^^^^^^^^^^^^^
AttributeError: module 'bcrypt' has no attribute '__about__'
ERROR    app.core.exception_handlers:exception_handlers.py:66 Unhandled exception occurred: Object of type UUID is not JSON serializable
Traceback (most recent call last):
  File "C:\Users\afiaa\Desktop\projects\Brints\FluentMeet\.venv\Lib\site-packages\starlette\middleware\errors.py", line 164, in __call__
    await self.app(scope, receive, _send)
  File "C:\Users\afiaa\Desktop\projects\Brints\FluentMeet\.venv\Lib\site-packages\starlette\middleware\cors.py", line 87, in __call__
    await self.app(scope, receive, send)
  File "C:\Users\afiaa\Desktop\projects\Brints\FluentMeet\.venv\Lib\site-packages\starlette\middleware\exceptions.py", line 63, in __call__
    await wrap_app_handling_exceptions(self.app, conn)(scope, receive, send)
  File "C:\Users\afiaa\Desktop\projects\Brints\FluentMeet\.venv\Lib\site-packages\starlette\_exception_handler.py", line 53, in wrapped_app
    raise exc
  File "C:\Users\afiaa\Desktop\projects\Brints\FluentMeet\.venv\Lib\site-packages\starlette\_exception_handler.py", line 42, in wrapped_app
    await app(scope, receive, sender)
  File "C:\Users\afiaa\Desktop\projects\Brints\FluentMeet\.venv\Lib\site-packages\fastapi\middleware\asyncexitstack.py", line 18, in __call__
    await self.app(scope, receive, send)
  File "C:\Users\afiaa\Desktop\projects\Brints\FluentMeet\.venv\Lib\site-packages\starlette\routing.py", line 720, in __call__
    await self.middleware_stack(scope, receive, send)
  File "C:\Users\afiaa\Desktop\projects\Brints\FluentMeet\.venv\Lib\site-packages\starlette\routing.py", line 740, in app
    await route.handle(scope, receive, send)
  File "C:\Users\afiaa\Desktop\projects\Brints\FluentMeet\.venv\Lib\site-packages\starlette\routing.py", line 294, in handle
    await self.app(scope, receive, send)
  File "C:\Users\afiaa\Desktop\projects\Brints\FluentMeet\.venv\Lib\site-packages\fastapi\routing.py", line 132, in app
    await wrap_app_handling_exceptions(app, request)(scope, receive, send)
  File "C:\Users\afiaa\Desktop\projects\Brints\FluentMeet\.venv\Lib\site-packages\starlette\_exception_handler.py", line 53, in wrapped_app
    raise exc
  File "C:\Users\afiaa\Desktop\projects\Brints\FluentMeet\.venv\Lib\site-packages\starlette\_exception_handler.py", line 42, in wrapped_app
    await app(scope, receive, sender)
  File "C:\Users\afiaa\Desktop\projects\Brints\FluentMeet\.venv\Lib\site-packages\fastapi\routing.py", line 118, in app
    response = await f(request)
               ^^^^^^^^^^^^^^^^
  File "C:\Users\afiaa\Desktop\projects\Brints\FluentMeet\.venv\Lib\site-packages\fastapi\routing.py", line 672, in app
    raw_response = await run_endpoint_function(
                   ^^^^^^^^^^^^^^^^^^^^^^^^^^^^
    ...<3 lines>...
    )
    ^
  File "C:\Users\afiaa\Desktop\projects\Brints\FluentMeet\.venv\Lib\site-packages\fastapi\routing.py", line 326, in run_endpoint_function
    return await dependant.call(**values)
           ^^^^^^^^^^^^^^^^^^^^^^^^^^^^^^
  File "C:\Users\afiaa\Desktop\projects\Brints\FluentMeet\.venv\Lib\site-packages\slowapi\extension.py", line 734, in async_wrapper
    response = await func(*args, **kwargs)  # type: ignore
               ^^^^^^^^^^^^^^^^^^^^^^^^^^^
  File "C:\Users\afiaa\Desktop\projects\Brints\FluentMeet\app\api\v1\endpoints\auth.py", line 376, in login
    response = JSONResponse(content=body.model_dump(), status_code=200)
  File "C:\Users\afiaa\Desktop\projects\Brints\FluentMeet\.venv\Lib\site-packages\starlette\responses.py", line 195, in __init__
    super().__init__(content, status_code, headers, media_type, background)
    ~~~~~~~~~~~~~~~~^^^^^^^^^^^^^^^^^^^^^^^^^^^^^^^^^^^^^^^^^^^^^^^^^^^^^^^
  File "C:\Users\afiaa\Desktop\projects\Brints\FluentMeet\.venv\Lib\site-packages\starlette\responses.py", line 52, in __init__
    self.body = self.render(content)
                ~~~~~~~~~~~^^^^^^^^^
  File "C:\Users\afiaa\Desktop\projects\Brints\FluentMeet\.venv\Lib\site-packages\starlette\responses.py", line 198, in render
    return json.dumps(
           ~~~~~~~~~~^
        content,
        ^^^^^^^^
    ...<3 lines>...
        separators=(",", ":"),
        ^^^^^^^^^^^^^^^^^^^^^^
    ).encode("utf-8")
    ^
  File "C:\Program Files\WindowsApps\PythonSoftwareFoundation.Python.3.13_3.13.3312.0_x64__qbz5n2kfra8p0\Lib\json\__init__.py", line 242, in dumps
    **kw).encode(obj)
          ~~~~~~^^^^^
  File "C:\Program Files\WindowsApps\PythonSoftwareFoundation.Python.3.13_3.13.3312.0_x64__qbz5n2kfra8p0\Lib\json\encoder.py", line 202, in encode
    chunks = self.iterencode(o, _one_shot=True)
  File "C:\Program Files\WindowsApps\PythonSoftwareFoundation.Python.3.13_3.13.3312.0_x64__qbz5n2kfra8p0\Lib\json\encoder.py", line 263, in iterencode
    return _iterencode(o, 0)
  File "C:\Program Files\WindowsApps\PythonSoftwareFoundation.Python.3.13_3.13.3312.0_x64__qbz5n2kfra8p0\Lib\json\encoder.py", line 182, in default
    raise TypeError(f'Object of type {o.__class__.__name__} '
                    f'is not JSON serializable')
TypeError: Object of type UUID is not JSON serializable
___________ TestLoginSuccess.test_stores_refresh_jti_in_token_store ___________
tests\test_auth\test_auth_login.py:228: in test_stores_refresh_jti_in_token_store
    response = client.post(
.venv\Lib\site-packages\starlette\testclient.py:553: in post
    return super().post(
.venv\Lib\site-packages\httpx\_client.py:1144: in post
    return self.request(
.venv\Lib\site-packages\starlette\testclient.py:452: in request
    return super().request(
.venv\Lib\site-packages\httpx\_client.py:825: in request
    return self.send(request, auth=auth, follow_redirects=follow_redirects)
           ^^^^^^^^^^^^^^^^^^^^^^^^^^^^^^^^^^^^^^^^^^^^^^^^^^^^^^^^^^^^^^^^
.venv\Lib\site-packages\httpx\_client.py:914: in send
    response = self._send_handling_auth(
.venv\Lib\site-packages\httpx\_client.py:942: in _send_handling_auth
    response = self._send_handling_redirects(
.venv\Lib\site-packages\httpx\_client.py:979: in _send_handling_redirects
    response = self._send_single_request(request)
               ^^^^^^^^^^^^^^^^^^^^^^^^^^^^^^^^^^
.venv\Lib\site-packages\httpx\_client.py:1014: in _send_single_request
    response = transport.handle_request(request)
               ^^^^^^^^^^^^^^^^^^^^^^^^^^^^^^^^^
.venv\Lib\site-packages\starlette\testclient.py:355: in handle_request
    raise exc
.venv\Lib\site-packages\starlette\testclient.py:352: in handle_request
    portal.call(self.app, scope, receive, send)
.venv\Lib\site-packages\anyio\from_thread.py:336: in call
    return cast(T_Retval, self.start_task_soon(func, *args).result())
                          ^^^^^^^^^^^^^^^^^^^^^^^^^^^^^^^^^^^^^^^^^^
C:\Program Files\WindowsApps\PythonSoftwareFoundation.Python.3.13_3.13.3312.0_x64__qbz5n2kfra8p0\Lib\concurrent\futures\_base.py:456: in result
    return self.__get_result()
           ^^^^^^^^^^^^^^^^^^^
C:\Program Files\WindowsApps\PythonSoftwareFoundation.Python.3.13_3.13.3312.0_x64__qbz5n2kfra8p0\Lib\concurrent\futures\_base.py:401: in __get_result
    raise self._exception
.venv\Lib\site-packages\anyio\from_thread.py:261: in _call_func
    retval = await retval_or_awaitable
             ^^^^^^^^^^^^^^^^^^^^^^^^^
.venv\Lib\site-packages\fastapi\applications.py:1160: in __call__
    await super().__call__(scope, receive, send)
.venv\Lib\site-packages\starlette\applications.py:107: in __call__
    await self.middleware_stack(scope, receive, send)
.venv\Lib\site-packages\starlette\middleware\errors.py:186: in __call__
    raise exc
.venv\Lib\site-packages\starlette\middleware\errors.py:164: in __call__
    await self.app(scope, receive, _send)
.venv\Lib\site-packages\starlette\middleware\cors.py:87: in __call__
    await self.app(scope, receive, send)
.venv\Lib\site-packages\starlette\middleware\exceptions.py:63: in __call__
    await wrap_app_handling_exceptions(self.app, conn)(scope, receive, send)
.venv\Lib\site-packages\starlette\_exception_handler.py:53: in wrapped_app
    raise exc
.venv\Lib\site-packages\starlette\_exception_handler.py:42: in wrapped_app
    await app(scope, receive, sender)
.venv\Lib\site-packages\fastapi\middleware\asyncexitstack.py:18: in __call__
    await self.app(scope, receive, send)
.venv\Lib\site-packages\starlette\routing.py:720: in __call__
    await self.middleware_stack(scope, receive, send)
.venv\Lib\site-packages\starlette\routing.py:740: in app
    await route.handle(scope, receive, send)
.venv\Lib\site-packages\starlette\routing.py:294: in handle
    await self.app(scope, receive, send)
.venv\Lib\site-packages\fastapi\routing.py:132: in app
    await wrap_app_handling_exceptions(app, request)(scope, receive, send)
.venv\Lib\site-packages\starlette\_exception_handler.py:53: in wrapped_app
    raise exc
.venv\Lib\site-packages\starlette\_exception_handler.py:42: in wrapped_app
    await app(scope, receive, sender)
.venv\Lib\site-packages\fastapi\routing.py:118: in app
    response = await f(request)
               ^^^^^^^^^^^^^^^^
.venv\Lib\site-packages\fastapi\routing.py:672: in app
    raw_response = await run_endpoint_function(
.venv\Lib\site-packages\fastapi\routing.py:326: in run_endpoint_function
    return await dependant.call(**values)
           ^^^^^^^^^^^^^^^^^^^^^^^^^^^^^^
.venv\Lib\site-packages\slowapi\extension.py:734: in async_wrapper
    response = await func(*args, **kwargs)  # type: ignore
               ^^^^^^^^^^^^^^^^^^^^^^^^^^^
app\api\v1\endpoints\auth.py:376: in login
    response = JSONResponse(content=body.model_dump(), status_code=200)
               ^^^^^^^^^^^^^^^^^^^^^^^^^^^^^^^^^^^^^^^^^^^^^^^^^^^^^^^^
.venv\Lib\site-packages\starlette\responses.py:195: in __init__
    super().__init__(content, status_code, headers, media_type, background)
.venv\Lib\site-packages\starlette\responses.py:52: in __init__
    self.body = self.render(content)
                ^^^^^^^^^^^^^^^^^^^^
.venv\Lib\site-packages\starlette\responses.py:198: in render
    return json.dumps(
C:\Program Files\WindowsApps\PythonSoftwareFoundation.Python.3.13_3.13.3312.0_x64__qbz5n2kfra8p0\Lib\json\__init__.py:242: in dumps
    **kw).encode(obj)
          ^^^^^^^^^^^
C:\Program Files\WindowsApps\PythonSoftwareFoundation.Python.3.13_3.13.3312.0_x64__qbz5n2kfra8p0\Lib\json\encoder.py:202: in encode
    chunks = self.iterencode(o, _one_shot=True)
             ^^^^^^^^^^^^^^^^^^^^^^^^^^^^^^^^^^
C:\Program Files\WindowsApps\PythonSoftwareFoundation.Python.3.13_3.13.3312.0_x64__qbz5n2kfra8p0\Lib\json\encoder.py:263: in iterencode
    return _iterencode(o, 0)
           ^^^^^^^^^^^^^^^^^
C:\Program Files\WindowsApps\PythonSoftwareFoundation.Python.3.13_3.13.3312.0_x64__qbz5n2kfra8p0\Lib\json\encoder.py:182: in default
    raise TypeError(f'Object of type {o.__class__.__name__} '
E   TypeError: Object of type UUID is not JSON serializable
------------------------------ Captured log call ------------------------------
WARNING  passlib.handlers.bcrypt:bcrypt.py:642 (trapped) error reading bcrypt version
Traceback (most recent call last):
  File "C:\Users\afiaa\Desktop\projects\Brints\FluentMeet\.venv\Lib\site-packages\passlib\handlers\bcrypt.py", line 640, in _load_backend_mixin
    version = _bcrypt.__about__.__version__
              ^^^^^^^^^^^^^^^^^
AttributeError: module 'bcrypt' has no attribute '__about__'
WARNING  passlib.handlers.bcrypt:bcrypt.py:642 (trapped) error reading bcrypt version
Traceback (most recent call last):
  File "C:\Users\afiaa\Desktop\projects\Brints\FluentMeet\.venv\Lib\site-packages\passlib\handlers\bcrypt.py", line 640, in _load_backend_mixin
    version = _bcrypt.__about__.__version__
              ^^^^^^^^^^^^^^^^^
AttributeError: module 'bcrypt' has no attribute '__about__'
ERROR    app.core.exception_handlers:exception_handlers.py:66 Unhandled exception occurred: Object of type UUID is not JSON serializable
Traceback (most recent call last):
  File "C:\Users\afiaa\Desktop\projects\Brints\FluentMeet\.venv\Lib\site-packages\starlette\middleware\errors.py", line 164, in __call__
    await self.app(scope, receive, _send)
  File "C:\Users\afiaa\Desktop\projects\Brints\FluentMeet\.venv\Lib\site-packages\starlette\middleware\cors.py", line 87, in __call__
    await self.app(scope, receive, send)
  File "C:\Users\afiaa\Desktop\projects\Brints\FluentMeet\.venv\Lib\site-packages\starlette\middleware\exceptions.py", line 63, in __call__
    await wrap_app_handling_exceptions(self.app, conn)(scope, receive, send)
  File "C:\Users\afiaa\Desktop\projects\Brints\FluentMeet\.venv\Lib\site-packages\starlette\_exception_handler.py", line 53, in wrapped_app
    raise exc
  File "C:\Users\afiaa\Desktop\projects\Brints\FluentMeet\.venv\Lib\site-packages\starlette\_exception_handler.py", line 42, in wrapped_app
    await app(scope, receive, sender)
  File "C:\Users\afiaa\Desktop\projects\Brints\FluentMeet\.venv\Lib\site-packages\fastapi\middleware\asyncexitstack.py", line 18, in __call__
    await self.app(scope, receive, send)
  File "C:\Users\afiaa\Desktop\projects\Brints\FluentMeet\.venv\Lib\site-packages\starlette\routing.py", line 720, in __call__
    await self.middleware_stack(scope, receive, send)
  File "C:\Users\afiaa\Desktop\projects\Brints\FluentMeet\.venv\Lib\site-packages\starlette\routing.py", line 740, in app
    await route.handle(scope, receive, send)
  File "C:\Users\afiaa\Desktop\projects\Brints\FluentMeet\.venv\Lib\site-packages\starlette\routing.py", line 294, in handle
    await self.app(scope, receive, send)
  File "C:\Users\afiaa\Desktop\projects\Brints\FluentMeet\.venv\Lib\site-packages\fastapi\routing.py", line 132, in app
    await wrap_app_handling_exceptions(app, request)(scope, receive, send)
  File "C:\Users\afiaa\Desktop\projects\Brints\FluentMeet\.venv\Lib\site-packages\starlette\_exception_handler.py", line 53, in wrapped_app
    raise exc
  File "C:\Users\afiaa\Desktop\projects\Brints\FluentMeet\.venv\Lib\site-packages\starlette\_exception_handler.py", line 42, in wrapped_app
    await app(scope, receive, sender)
  File "C:\Users\afiaa\Desktop\projects\Brints\FluentMeet\.venv\Lib\site-packages\fastapi\routing.py", line 118, in app
    response = await f(request)
               ^^^^^^^^^^^^^^^^
  File "C:\Users\afiaa\Desktop\projects\Brints\FluentMeet\.venv\Lib\site-packages\fastapi\routing.py", line 672, in app
    raw_response = await run_endpoint_function(
                   ^^^^^^^^^^^^^^^^^^^^^^^^^^^^
    ...<3 lines>...
    )
    ^
  File "C:\Users\afiaa\Desktop\projects\Brints\FluentMeet\.venv\Lib\site-packages\fastapi\routing.py", line 326, in run_endpoint_function
    return await dependant.call(**values)
           ^^^^^^^^^^^^^^^^^^^^^^^^^^^^^^
  File "C:\Users\afiaa\Desktop\projects\Brints\FluentMeet\.venv\Lib\site-packages\slowapi\extension.py", line 734, in async_wrapper
    response = await func(*args, **kwargs)  # type: ignore
               ^^^^^^^^^^^^^^^^^^^^^^^^^^^
  File "C:\Users\afiaa\Desktop\projects\Brints\FluentMeet\app\api\v1\endpoints\auth.py", line 376, in login
    response = JSONResponse(content=body.model_dump(), status_code=200)
  File "C:\Users\afiaa\Desktop\projects\Brints\FluentMeet\.venv\Lib\site-packages\starlette\responses.py", line 195, in __init__
    super().__init__(content, status_code, headers, media_type, background)
    ~~~~~~~~~~~~~~~~^^^^^^^^^^^^^^^^^^^^^^^^^^^^^^^^^^^^^^^^^^^^^^^^^^^^^^^
  File "C:\Users\afiaa\Desktop\projects\Brints\FluentMeet\.venv\Lib\site-packages\starlette\responses.py", line 52, in __init__
    self.body = self.render(content)
                ~~~~~~~~~~~^^^^^^^^^
  File "C:\Users\afiaa\Desktop\projects\Brints\FluentMeet\.venv\Lib\site-packages\starlette\responses.py", line 198, in render
    return json.dumps(
           ~~~~~~~~~~^
        content,
        ^^^^^^^^
    ...<3 lines>...
        separators=(",", ":"),
        ^^^^^^^^^^^^^^^^^^^^^^
    ).encode("utf-8")
    ^
  File "C:\Program Files\WindowsApps\PythonSoftwareFoundation.Python.3.13_3.13.3312.0_x64__qbz5n2kfra8p0\Lib\json\__init__.py", line 242, in dumps
    **kw).encode(obj)
          ~~~~~~^^^^^
  File "C:\Program Files\WindowsApps\PythonSoftwareFoundation.Python.3.13_3.13.3312.0_x64__qbz5n2kfra8p0\Lib\json\encoder.py", line 202, in encode
    chunks = self.iterencode(o, _one_shot=True)
  File "C:\Program Files\WindowsApps\PythonSoftwareFoundation.Python.3.13_3.13.3312.0_x64__qbz5n2kfra8p0\Lib\json\encoder.py", line 263, in iterencode
    return _iterencode(o, 0)
  File "C:\Program Files\WindowsApps\PythonSoftwareFoundation.Python.3.13_3.13.3312.0_x64__qbz5n2kfra8p0\Lib\json\encoder.py", line 182, in default
    raise TypeError(f'Object of type {o.__class__.__name__} '
                    f'is not JSON serializable')
TypeError: Object of type UUID is not JSON serializable
________ TestLoginAccountLockout.test_successful_login_resets_counter _________
tests\test_auth\test_auth_login.py:393: in test_successful_login_resets_counter
    response = client.post(
.venv\Lib\site-packages\starlette\testclient.py:553: in post
    return super().post(
.venv\Lib\site-packages\httpx\_client.py:1144: in post
    return self.request(
.venv\Lib\site-packages\starlette\testclient.py:452: in request
    return super().request(
.venv\Lib\site-packages\httpx\_client.py:825: in request
    return self.send(request, auth=auth, follow_redirects=follow_redirects)
           ^^^^^^^^^^^^^^^^^^^^^^^^^^^^^^^^^^^^^^^^^^^^^^^^^^^^^^^^^^^^^^^^
.venv\Lib\site-packages\httpx\_client.py:914: in send
    response = self._send_handling_auth(
.venv\Lib\site-packages\httpx\_client.py:942: in _send_handling_auth
    response = self._send_handling_redirects(
.venv\Lib\site-packages\httpx\_client.py:979: in _send_handling_redirects
    response = self._send_single_request(request)
               ^^^^^^^^^^^^^^^^^^^^^^^^^^^^^^^^^^
.venv\Lib\site-packages\httpx\_client.py:1014: in _send_single_request
    response = transport.handle_request(request)
               ^^^^^^^^^^^^^^^^^^^^^^^^^^^^^^^^^
.venv\Lib\site-packages\starlette\testclient.py:355: in handle_request
    raise exc
.venv\Lib\site-packages\starlette\testclient.py:352: in handle_request
    portal.call(self.app, scope, receive, send)
.venv\Lib\site-packages\anyio\from_thread.py:336: in call
    return cast(T_Retval, self.start_task_soon(func, *args).result())
                          ^^^^^^^^^^^^^^^^^^^^^^^^^^^^^^^^^^^^^^^^^^
C:\Program Files\WindowsApps\PythonSoftwareFoundation.Python.3.13_3.13.3312.0_x64__qbz5n2kfra8p0\Lib\concurrent\futures\_base.py:456: in result
    return self.__get_result()
           ^^^^^^^^^^^^^^^^^^^
C:\Program Files\WindowsApps\PythonSoftwareFoundation.Python.3.13_3.13.3312.0_x64__qbz5n2kfra8p0\Lib\concurrent\futures\_base.py:401: in __get_result
    raise self._exception
.venv\Lib\site-packages\anyio\from_thread.py:261: in _call_func
    retval = await retval_or_awaitable
             ^^^^^^^^^^^^^^^^^^^^^^^^^
.venv\Lib\site-packages\fastapi\applications.py:1160: in __call__
    await super().__call__(scope, receive, send)
.venv\Lib\site-packages\starlette\applications.py:107: in __call__
    await self.middleware_stack(scope, receive, send)
.venv\Lib\site-packages\starlette\middleware\errors.py:186: in __call__
    raise exc
.venv\Lib\site-packages\starlette\middleware\errors.py:164: in __call__
    await self.app(scope, receive, _send)
.venv\Lib\site-packages\starlette\middleware\cors.py:87: in __call__
    await self.app(scope, receive, send)
.venv\Lib\site-packages\starlette\middleware\exceptions.py:63: in __call__
    await wrap_app_handling_exceptions(self.app, conn)(scope, receive, send)
.venv\Lib\site-packages\starlette\_exception_handler.py:53: in wrapped_app
    raise exc
.venv\Lib\site-packages\starlette\_exception_handler.py:42: in wrapped_app
    await app(scope, receive, sender)
.venv\Lib\site-packages\fastapi\middleware\asyncexitstack.py:18: in __call__
    await self.app(scope, receive, send)
.venv\Lib\site-packages\starlette\routing.py:720: in __call__
    await self.middleware_stack(scope, receive, send)
.venv\Lib\site-packages\starlette\routing.py:740: in app
    await route.handle(scope, receive, send)
.venv\Lib\site-packages\starlette\routing.py:294: in handle
    await self.app(scope, receive, send)
.venv\Lib\site-packages\fastapi\routing.py:132: in app
    await wrap_app_handling_exceptions(app, request)(scope, receive, send)
.venv\Lib\site-packages\starlette\_exception_handler.py:53: in wrapped_app
    raise exc
.venv\Lib\site-packages\starlette\_exception_handler.py:42: in wrapped_app
    await app(scope, receive, sender)
.venv\Lib\site-packages\fastapi\routing.py:118: in app
    response = await f(request)
               ^^^^^^^^^^^^^^^^
.venv\Lib\site-packages\fastapi\routing.py:672: in app
    raw_response = await run_endpoint_function(
.venv\Lib\site-packages\fastapi\routing.py:326: in run_endpoint_function
    return await dependant.call(**values)
           ^^^^^^^^^^^^^^^^^^^^^^^^^^^^^^
.venv\Lib\site-packages\slowapi\extension.py:734: in async_wrapper
    response = await func(*args, **kwargs)  # type: ignore
               ^^^^^^^^^^^^^^^^^^^^^^^^^^^
app\api\v1\endpoints\auth.py:376: in login
    response = JSONResponse(content=body.model_dump(), status_code=200)
               ^^^^^^^^^^^^^^^^^^^^^^^^^^^^^^^^^^^^^^^^^^^^^^^^^^^^^^^^
.venv\Lib\site-packages\starlette\responses.py:195: in __init__
    super().__init__(content, status_code, headers, media_type, background)
.venv\Lib\site-packages\starlette\responses.py:52: in __init__
    self.body = self.render(content)
                ^^^^^^^^^^^^^^^^^^^^
.venv\Lib\site-packages\starlette\responses.py:198: in render
    return json.dumps(
C:\Program Files\WindowsApps\PythonSoftwareFoundation.Python.3.13_3.13.3312.0_x64__qbz5n2kfra8p0\Lib\json\__init__.py:242: in dumps
    **kw).encode(obj)
          ^^^^^^^^^^^
C:\Program Files\WindowsApps\PythonSoftwareFoundation.Python.3.13_3.13.3312.0_x64__qbz5n2kfra8p0\Lib\json\encoder.py:202: in encode
    chunks = self.iterencode(o, _one_shot=True)
             ^^^^^^^^^^^^^^^^^^^^^^^^^^^^^^^^^^
C:\Program Files\WindowsApps\PythonSoftwareFoundation.Python.3.13_3.13.3312.0_x64__qbz5n2kfra8p0\Lib\json\encoder.py:263: in iterencode
    return _iterencode(o, 0)
           ^^^^^^^^^^^^^^^^^
C:\Program Files\WindowsApps\PythonSoftwareFoundation.Python.3.13_3.13.3312.0_x64__qbz5n2kfra8p0\Lib\json\encoder.py:182: in default
    raise TypeError(f'Object of type {o.__class__.__name__} '
E   TypeError: Object of type UUID is not JSON serializable
------------------------------ Captured log call ------------------------------
WARNING  passlib.handlers.bcrypt:bcrypt.py:642 (trapped) error reading bcrypt version
Traceback (most recent call last):
  File "C:\Users\afiaa\Desktop\projects\Brints\FluentMeet\.venv\Lib\site-packages\passlib\handlers\bcrypt.py", line 640, in _load_backend_mixin
    version = _bcrypt.__about__.__version__
              ^^^^^^^^^^^^^^^^^
AttributeError: module 'bcrypt' has no attribute '__about__'
WARNING  passlib.handlers.bcrypt:bcrypt.py:642 (trapped) error reading bcrypt version
Traceback (most recent call last):
  File "C:\Users\afiaa\Desktop\projects\Brints\FluentMeet\.venv\Lib\site-packages\passlib\handlers\bcrypt.py", line 640, in _load_backend_mixin
    version = _bcrypt.__about__.__version__
              ^^^^^^^^^^^^^^^^^
AttributeError: module 'bcrypt' has no attribute '__about__'
WARNING  passlib.handlers.bcrypt:bcrypt.py:642 (trapped) error reading bcrypt version
Traceback (most recent call last):
  File "C:\Users\afiaa\Desktop\projects\Brints\FluentMeet\.venv\Lib\site-packages\passlib\handlers\bcrypt.py", line 640, in _load_backend_mixin
    version = _bcrypt.__about__.__version__
              ^^^^^^^^^^^^^^^^^
AttributeError: module 'bcrypt' has no attribute '__about__'
WARNING  passlib.handlers.bcrypt:bcrypt.py:642 (trapped) error reading bcrypt version
Traceback (most recent call last):
  File "C:\Users\afiaa\Desktop\projects\Brints\FluentMeet\.venv\Lib\site-packages\passlib\handlers\bcrypt.py", line 640, in _load_backend_mixin
    version = _bcrypt.__about__.__version__
              ^^^^^^^^^^^^^^^^^
AttributeError: module 'bcrypt' has no attribute '__about__'
WARNING  passlib.handlers.bcrypt:bcrypt.py:642 (trapped) error reading bcrypt version
Traceback (most recent call last):
  File "C:\Users\afiaa\Desktop\projects\Brints\FluentMeet\.venv\Lib\site-packages\passlib\handlers\bcrypt.py", line 640, in _load_backend_mixin
    version = _bcrypt.__about__.__version__
              ^^^^^^^^^^^^^^^^^
AttributeError: module 'bcrypt' has no attribute '__about__'
WARNING  passlib.handlers.bcrypt:bcrypt.py:642 (trapped) error reading bcrypt version
Traceback (most recent call last):
  File "C:\Users\afiaa\Desktop\projects\Brints\FluentMeet\.venv\Lib\site-packages\passlib\handlers\bcrypt.py", line 640, in _load_backend_mixin
    version = _bcrypt.__about__.__version__
              ^^^^^^^^^^^^^^^^^
AttributeError: module 'bcrypt' has no attribute '__about__'
ERROR    app.core.exception_handlers:exception_handlers.py:66 Unhandled exception occurred: Object of type UUID is not JSON serializable
Traceback (most recent call last):
  File "C:\Users\afiaa\Desktop\projects\Brints\FluentMeet\.venv\Lib\site-packages\starlette\middleware\errors.py", line 164, in __call__
    await self.app(scope, receive, _send)
  File "C:\Users\afiaa\Desktop\projects\Brints\FluentMeet\.venv\Lib\site-packages\starlette\middleware\cors.py", line 87, in __call__
    await self.app(scope, receive, send)
  File "C:\Users\afiaa\Desktop\projects\Brints\FluentMeet\.venv\Lib\site-packages\starlette\middleware\exceptions.py", line 63, in __call__
    await wrap_app_handling_exceptions(self.app, conn)(scope, receive, send)
  File "C:\Users\afiaa\Desktop\projects\Brints\FluentMeet\.venv\Lib\site-packages\starlette\_exception_handler.py", line 53, in wrapped_app
    raise exc
  File "C:\Users\afiaa\Desktop\projects\Brints\FluentMeet\.venv\Lib\site-packages\starlette\_exception_handler.py", line 42, in wrapped_app
    await app(scope, receive, sender)
  File "C:\Users\afiaa\Desktop\projects\Brints\FluentMeet\.venv\Lib\site-packages\fastapi\middleware\asyncexitstack.py", line 18, in __call__
    await self.app(scope, receive, send)
  File "C:\Users\afiaa\Desktop\projects\Brints\FluentMeet\.venv\Lib\site-packages\starlette\routing.py", line 720, in __call__
    await self.middleware_stack(scope, receive, send)
  File "C:\Users\afiaa\Desktop\projects\Brints\FluentMeet\.venv\Lib\site-packages\starlette\routing.py", line 740, in app
    await route.handle(scope, receive, send)
  File "C:\Users\afiaa\Desktop\projects\Brints\FluentMeet\.venv\Lib\site-packages\starlette\routing.py", line 294, in handle
    await self.app(scope, receive, send)
  File "C:\Users\afiaa\Desktop\projects\Brints\FluentMeet\.venv\Lib\site-packages\fastapi\routing.py", line 132, in app
    await wrap_app_handling_exceptions(app, request)(scope, receive, send)
  File "C:\Users\afiaa\Desktop\projects\Brints\FluentMeet\.venv\Lib\site-packages\starlette\_exception_handler.py", line 53, in wrapped_app
    raise exc
  File "C:\Users\afiaa\Desktop\projects\Brints\FluentMeet\.venv\Lib\site-packages\starlette\_exception_handler.py", line 42, in wrapped_app
    await app(scope, receive, sender)
  File "C:\Users\afiaa\Desktop\projects\Brints\FluentMeet\.venv\Lib\site-packages\fastapi\routing.py", line 118, in app
    response = await f(request)
               ^^^^^^^^^^^^^^^^
  File "C:\Users\afiaa\Desktop\projects\Brints\FluentMeet\.venv\Lib\site-packages\fastapi\routing.py", line 672, in app
    raw_response = await run_endpoint_function(
                   ^^^^^^^^^^^^^^^^^^^^^^^^^^^^
    ...<3 lines>...
    )
    ^
  File "C:\Users\afiaa\Desktop\projects\Brints\FluentMeet\.venv\Lib\site-packages\fastapi\routing.py", line 326, in run_endpoint_function
    return await dependant.call(**values)
           ^^^^^^^^^^^^^^^^^^^^^^^^^^^^^^
  File "C:\Users\afiaa\Desktop\projects\Brints\FluentMeet\.venv\Lib\site-packages\slowapi\extension.py", line 734, in async_wrapper
    response = await func(*args, **kwargs)  # type: ignore
               ^^^^^^^^^^^^^^^^^^^^^^^^^^^
  File "C:\Users\afiaa\Desktop\projects\Brints\FluentMeet\app\api\v1\endpoints\auth.py", line 376, in login
    response = JSONResponse(content=body.model_dump(), status_code=200)
  File "C:\Users\afiaa\Desktop\projects\Brints\FluentMeet\.venv\Lib\site-packages\starlette\responses.py", line 195, in __init__
    super().__init__(content, status_code, headers, media_type, background)
    ~~~~~~~~~~~~~~~~^^^^^^^^^^^^^^^^^^^^^^^^^^^^^^^^^^^^^^^^^^^^^^^^^^^^^^^
  File "C:\Users\afiaa\Desktop\projects\Brints\FluentMeet\.venv\Lib\site-packages\starlette\responses.py", line 52, in __init__
    self.body = self.render(content)
                ~~~~~~~~~~~^^^^^^^^^
  File "C:\Users\afiaa\Desktop\projects\Brints\FluentMeet\.venv\Lib\site-packages\starlette\responses.py", line 198, in render
    return json.dumps(
           ~~~~~~~~~~^
        content,
        ^^^^^^^^
    ...<3 lines>...
        separators=(",", ":"),
        ^^^^^^^^^^^^^^^^^^^^^^
    ).encode("utf-8")
    ^
  File "C:\Program Files\WindowsApps\PythonSoftwareFoundation.Python.3.13_3.13.3312.0_x64__qbz5n2kfra8p0\Lib\json\__init__.py", line 242, in dumps
    **kw).encode(obj)
          ~~~~~~^^^^^
  File "C:\Program Files\WindowsApps\PythonSoftwareFoundation.Python.3.13_3.13.3312.0_x64__qbz5n2kfra8p0\Lib\json\encoder.py", line 202, in encode
    chunks = self.iterencode(o, _one_shot=True)
  File "C:\Program Files\WindowsApps\PythonSoftwareFoundation.Python.3.13_3.13.3312.0_x64__qbz5n2kfra8p0\Lib\json\encoder.py", line 263, in iterencode
    return _iterencode(o, 0)
  File "C:\Program Files\WindowsApps\PythonSoftwareFoundation.Python.3.13_3.13.3312.0_x64__qbz5n2kfra8p0\Lib\json\encoder.py", line 182, in default
    raise TypeError(f'Object of type {o.__class__.__name__} '
                    f'is not JSON serializable')
TypeError: Object of type UUID is not JSON serializable
_______________ test_user_response_can_validate_from_attributes _______________
tests\test_auth\test_schemas_user.py:19: in test_user_response_can_validate_from_attributes
    result = UserResponse.model_validate(source)
             ^^^^^^^^^^^^^^^^^^^^^^^^^^^^^^^^^^^
E   pydantic_core._pydantic_core.ValidationError: 1 validation error for UserResponse
E   id
E     UUID input should be a string, bytes or UUID object [type=uuid_type, input_value=123, input_type=int]
E       For further information visit https://errors.pydantic.dev/2.12/v/uuid_type
============================== warnings summary ===============================
tests\test_kafka\test_consumer.py:13
  C:\Users\afiaa\Desktop\projects\Brints\FluentMeet\tests\test_kafka\test_consumer.py:13: PytestCollectionWarning: cannot collect test class 'TestConsumer' because it has a __init__ constructor (from: tests/test_kafka/test_consumer.py)
    class TestConsumer(BaseConsumer):

-- Docs: https://docs.pytest.org/en/stable/how-to/capture-warnings.html
=========================== short test summary info ===========================
FAILED tests/test_auth/test_auth_login.py::TestLoginSuccess::test_returns_access_token_and_user_id
FAILED tests/test_auth/test_auth_login.py::TestLoginSuccess::test_sets_httponly_refresh_cookie
FAILED tests/test_auth/test_auth_login.py::TestLoginSuccess::test_refresh_token_not_in_body
FAILED tests/test_auth/test_auth_login.py::TestLoginSuccess::test_stores_refresh_jti_in_token_store
FAILED tests/test_auth/test_auth_login.py::TestLoginAccountLockout::test_successful_login_resets_counter
FAILED tests/test_auth/test_schemas_user.py::test_user_response_can_validate_from_attributes
============= 6 failed, 57 passed, 1 warning in 85.25s (0:01:25) ==============
